17:17:55,557 root INFO Running Urban Planning
